2026-05-07 09:30:27,378 [INFO] Browser launched
2026-05-07 09:30:35,289 [INFO] Browser launched
2026-05-07 09:30:42,014 [INFO] Browser closed
2026-05-07 09:30:45,537 [INFO] Browser launched
2026-05-07 09:30:54,611 [INFO] Browser closed
2026-05-07 09:30:56,137 [INFO] Browser closed
2026-05-07 09:30:57,928 [INFO] Browser launched
2026-05-07 09:30:59,384 [INFO] Browser launched
2026-05-07 09:31:10,778 [INFO] Browser closed
2026-05-07 09:31:11,167 [INFO] Browser closed2026-05-07 10:19:32,705 [INFO] Browser launched
2026-05-07 10:19:42,144 [INFO] Browser closed
2026-05-07 10:19:45,189 [INFO] Browser launched
2026-05-07 10:19:54,272 [INFO] Browser closed
2026-05-07 10:19:58,560 [INFO] Browser launched
2026-05-07 10:20:11,150 [INFO] Browser closed
2026-05-07 10:20:14,134 [INFO] Browser launched
2026-05-07 10:20:24,615 [INFO] Browser closed
2026-05-07 10:20:27,613 [INFO] Browser launched
2026-05-07 10:20:37,044 [INFO] Browser closed
2026-05-07 10:24:37,072 [INFO] Browser launched
2026-05-07 10:24:46,435 [INFO] Browser closed
2026-05-07 10:24:50,042 [INFO] Browser launched
2026-05-07 10:24:59,544 [INFO] Browser closed
2026-05-07 10:25:04,202 [INFO] Browser launched
2026-05-07 10:25:17,036 [INFO] Browser closed
2026-05-07 10:25:20,599 [INFO] Browser launched
2026-05-07 10:25:33,016 [INFO] Browser closed
2026-05-07 10:25:36,048 [INFO] Browser launched
2026-05-07 10:25:44,541 [INFO] Browser closed
2026-05-07 10:28:18,829 [INFO] Browser launched
2026-05-07 10:28:27,817 [INFO] Browser closed
2026-05-07 10:28:31,413 [INFO] Browser launched
2026-05-07 10:28:41,769 [INFO] Browser closed
2026-05-07 10:28:46,331 [INFO] Browser launched
2026-05-07 10:29:01,633 [INFO] Browser closed
2026-05-07 10:29:04,599 [INFO] Browser launched
2026-05-07 10:29:14,724 [INFO] Browser closed
2026-05-07 10:29:17,792 [INFO] Browser launched
2026-05-07 10:29:28,806 [INFO] Browser closed
2026-05-07 11:12:50,115 [INFO] Browser launched
2026-05-07 11:12:52,604 [INFO] Browser launched
2026-05-07 11:12:57,547 [INFO] Browser launched
2026-05-07 11:13:02,669 [INFO] Browser closed
2026-05-07 11:13:05,498 [INFO] Browser closed
2026-05-07 11:13:09,021 [INFO] Browser launched
2026-05-07 11:13:10,425 [INFO] Browser closed
2026-05-07 11:13:13,773 [INFO] Browser launched
2026-05-07 11:13:25,589 [INFO] Browser closed
2026-05-07 11:13:26,574 [INFO] Browser closed
2026-05-07 11:14:13,235 [INFO] Browser launched
2026-05-07 11:14:13,695 [INFO] Browser launched
2026-05-07 11:14:13,705 [INFO] Browser launched
2026-05-07 11:14:13,782 [INFO] Browser launched
2026-05-07 11:14:13,939 [INFO] Browser launched
2026-05-07 11:14:25,873 [INFO] Browser closed
2026-05-07 11:14:26,587 [INFO] Browser closed
2026-05-07 11:14:28,022 [INFO] Browser closed
2026-05-07 11:14:32,513 [INFO] Browser closed
2026-05-07 11:14:34,048 [INFO] Browser closed
